// Jest Snapshot v1, https://goo.gl/fbAQLP

exports[`syncLocales should sync locale files with namespaces 1`] = `
Object {
  "/Users/catz/Projects/oss/i18next-locales-sync/test/output/fixture2/de/common.json": "{\\"test\\":\\"bla-de\\",\\"test_plural\\":\\"bla-plural\\"}",
  "/Users/catz/Projects/oss/i18next-locales-sync/test/output/fixture2/de/front.json": "{\\"title\\":\\"front\\"}",
  "/Users/catz/Projects/oss/i18next-locales-sync/test/output/fixture2/he/common.json": "{\\"test\\":\\"bla\\",\\"test_0\\":\\"bla-plural\\",\\"test_1\\":\\"bla-plural\\",\\"test_2\\":\\"bla-plural\\",\\"test_3\\":\\"bla-plural\\"}",
  "/Users/catz/Projects/oss/i18next-locales-sync/test/output/fixture2/he/front.json": "{\\"title\\":\\"front\\"}",
  "/Users/catz/Projects/oss/i18next-locales-sync/test/output/fixture2/ja/common.json": "{\\"test\\":\\"bla\\"}",
  "/Users/catz/Projects/oss/i18next-locales-sync/test/output/fixture2/ja/front.json": "{\\"title\\":\\"front\\"}",
}
`;

exports[`syncLocales should sync locale files with nested namespaces 1`] = `
Object {
  "/Users/catz/Projects/oss/i18next-locales-sync/test/output/fixture3/de/common.json": "{\\"test\\":\\"bla-de\\",\\"test_plural\\":\\"bla-plural\\"}",
  "/Users/catz/Projects/oss/i18next-locales-sync/test/output/fixture3/de/nested/b.json": "{\\"b\\":\\"bla-en\\"}",
  "/Users/catz/Projects/oss/i18next-locales-sync/test/output/fixture3/he/common.json": "{\\"test\\":\\"bla\\",\\"test_0\\":\\"bla-plural\\",\\"test_1\\":\\"bla-plural\\",\\"test_2\\":\\"bla-plural\\",\\"test_3\\":\\"bla-plural\\"}",
  "/Users/catz/Projects/oss/i18next-locales-sync/test/output/fixture3/he/nested/a.json": "{\\"a\\":\\"bla-en\\"}",
  "/Users/catz/Projects/oss/i18next-locales-sync/test/output/fixture3/he/nested/b.json": "{\\"b\\":\\"bla-en\\"}",
  "/Users/catz/Projects/oss/i18next-locales-sync/test/output/fixture3/ja/common.json": "{\\"test\\":\\"bla\\"}",
  "/Users/catz/Projects/oss/i18next-locales-sync/test/output/fixture3/ja/nested/a.json": "{\\"a\\":\\"bla-en\\"}",
  "/Users/catz/Projects/oss/i18next-locales-sync/test/output/fixture3/ja/nested/b.json": "{\\"b\\":\\"bla-en\\"}",
}
`;

exports[`syncLocales should sync locale files without namespaces 1`] = `
Object {
  "/Users/catz/Projects/oss/i18next-locales-sync/test/output/fixture1/de.json": "{\\"test\\":\\"bla\\",\\"test_plural\\":\\"bla-plural\\"}",
  "/Users/catz/Projects/oss/i18next-locales-sync/test/output/fixture1/he.json": "{\\"test\\":\\"bla\\",\\"test_0\\":\\"bla-0\\",\\"test_1\\":\\"bla-plural\\",\\"test_2\\":\\"bla-plural\\",\\"test_3\\":\\"bla-plural\\"}",
  "/Users/catz/Projects/oss/i18next-locales-sync/test/output/fixture1/ja.json": "{\\"test\\":\\"bla\\"}",
}
`;
